// Jest Snapshot v1, https://goo.gl/fbAQLP

exports[`User add new user 1`] = `
Array [
  User {
    "admin": false,
    "id": 1,
    "name": "testUser",
    "password": "$2b$10$wNSddHlUh3CBnrIv89UwruhKYY/fbMXDn944DvSMurQCleby/9Bqe",
  },
]
`;
